// Jest Snapshot v1, https://goo.gl/fbAQLP

exports[`numbers match expected output (full range test) 1`] = `""`;

exports[`numbers match expected output (full range test) 2`] = `"one"`;

exports[`numbers match expected output (full range test) 3`] = `"two"`;

exports[`numbers match expected output (full range test) 4`] = `"three"`;

exports[`numbers match expected output (full range test) 5`] = `"four"`;

exports[`numbers match expected output (full range test) 6`] = `"five"`;

exports[`numbers match expected output (full range test) 7`] = `"six"`;

exports[`numbers match expected output (full range test) 8`] = `"seven"`;

exports[`numbers match expected output (full range test) 9`] = `"eight"`;

exports[`numbers match expected output (full range test) 10`] = `"nine"`;

exports[`numbers match expected output (full range test) 11`] = `"ten"`;

exports[`numbers match expected output (full range test) 12`] = `"eleven"`;

exports[`numbers match expected output (full range test) 13`] = `"twelve"`;

exports[`numbers match expected output (full range test) 14`] = `"thirteen"`;

exports[`numbers match expected output (full range test) 15`] = `"fourteen"`;

exports[`numbers match expected output (full range test) 16`] = `"fifteen"`;

exports[`numbers match expected output (full range test) 17`] = `"sixteen"`;

exports[`numbers match expected output (full range test) 18`] = `"seventeen"`;

exports[`numbers match expected output (full range test) 19`] = `"eighteen"`;

exports[`numbers match expected output (full range test) 20`] = `"nineteen"`;

exports[`numbers match expected output (full range test) 21`] = `"twenty"`;

exports[`numbers match expected output (full range test) 22`] = `"twenty one"`;

exports[`numbers match expected output (full range test) 23`] = `"twenty two"`;

exports[`numbers match expected output (full range test) 24`] = `"twenty three"`;

exports[`numbers match expected output (full range test) 25`] = `"twenty four"`;

exports[`numbers match expected output (full range test) 26`] = `"twenty five"`;

exports[`numbers match expected output (full range test) 27`] = `"twenty six"`;

exports[`numbers match expected output (full range test) 28`] = `"twenty seven"`;

exports[`numbers match expected output (full range test) 29`] = `"twenty eight"`;

exports[`numbers match expected output (full range test) 30`] = `"twenty nine"`;

exports[`numbers match expected output (full range test) 31`] = `"thirty"`;

exports[`numbers match expected output (full range test) 32`] = `"thirty one"`;

exports[`numbers match expected output (full range test) 33`] = `"thirty two"`;

exports[`numbers match expected output (full range test) 34`] = `"thirty three"`;

exports[`numbers match expected output (full range test) 35`] = `"thirty four"`;

exports[`numbers match expected output (full range test) 36`] = `"thirty five"`;

exports[`numbers match expected output (full range test) 37`] = `"thirty six"`;

exports[`numbers match expected output (full range test) 38`] = `"thirty seven"`;

exports[`numbers match expected output (full range test) 39`] = `"thirty eight"`;

exports[`numbers match expected output (full range test) 40`] = `"thirty nine"`;

exports[`numbers match expected output (full range test) 41`] = `"forty"`;

exports[`numbers match expected output (full range test) 42`] = `"forty one"`;

exports[`numbers match expected output (full range test) 43`] = `"forty two"`;

exports[`numbers match expected output (full range test) 44`] = `"forty three"`;

exports[`numbers match expected output (full range test) 45`] = `"forty four"`;

exports[`numbers match expected output (full range test) 46`] = `"forty five"`;

exports[`numbers match expected output (full range test) 47`] = `"forty six"`;

exports[`numbers match expected output (full range test) 48`] = `"forty seven"`;

exports[`numbers match expected output (full range test) 49`] = `"forty eight"`;

exports[`numbers match expected output (full range test) 50`] = `"forty nine"`;

exports[`numbers match expected output (full range test) 51`] = `"fifty"`;

exports[`numbers match expected output (full range test) 52`] = `"fifty one"`;

exports[`numbers match expected output (full range test) 53`] = `"fifty two"`;

exports[`numbers match expected output (full range test) 54`] = `"fifty three"`;

exports[`numbers match expected output (full range test) 55`] = `"fifty four"`;

exports[`numbers match expected output (full range test) 56`] = `"fifty five"`;

exports[`numbers match expected output (full range test) 57`] = `"fifty six"`;

exports[`numbers match expected output (full range test) 58`] = `"fifty seven"`;

exports[`numbers match expected output (full range test) 59`] = `"fifty eight"`;

exports[`numbers match expected output (full range test) 60`] = `"fifty nine"`;

exports[`numbers match expected output (full range test) 61`] = `"sixty"`;

exports[`numbers match expected output (full range test) 62`] = `"sixty one"`;

exports[`numbers match expected output (full range test) 63`] = `"sixty two"`;

exports[`numbers match expected output (full range test) 64`] = `"sixty three"`;

exports[`numbers match expected output (full range test) 65`] = `"sixty four"`;

exports[`numbers match expected output (full range test) 66`] = `"sixty five"`;

exports[`numbers match expected output (full range test) 67`] = `"sixty six"`;

exports[`numbers match expected output (full range test) 68`] = `"sixty seven"`;

exports[`numbers match expected output (full range test) 69`] = `"sixty eight"`;

exports[`numbers match expected output (full range test) 70`] = `"sixty nine"`;

exports[`numbers match expected output (full range test) 71`] = `"seventy"`;

exports[`numbers match expected output (full range test) 72`] = `"seventy one"`;

exports[`numbers match expected output (full range test) 73`] = `"seventy two"`;

exports[`numbers match expected output (full range test) 74`] = `"seventy three"`;

exports[`numbers match expected output (full range test) 75`] = `"seventy four"`;

exports[`numbers match expected output (full range test) 76`] = `"seventy five"`;

exports[`numbers match expected output (full range test) 77`] = `"seventy six"`;

exports[`numbers match expected output (full range test) 78`] = `"seventy seven"`;

exports[`numbers match expected output (full range test) 79`] = `"seventy eight"`;

exports[`numbers match expected output (full range test) 80`] = `"seventy nine"`;

exports[`numbers match expected output (full range test) 81`] = `"eighty"`;

exports[`numbers match expected output (full range test) 82`] = `"eighty one"`;

exports[`numbers match expected output (full range test) 83`] = `"eighty two"`;

exports[`numbers match expected output (full range test) 84`] = `"eighty three"`;

exports[`numbers match expected output (full range test) 85`] = `"eighty four"`;

exports[`numbers match expected output (full range test) 86`] = `"eighty five"`;

exports[`numbers match expected output (full range test) 87`] = `"eighty six"`;

exports[`numbers match expected output (full range test) 88`] = `"eighty seven"`;

exports[`numbers match expected output (full range test) 89`] = `"eighty eight"`;

exports[`numbers match expected output (full range test) 90`] = `"eighty nine"`;

exports[`numbers match expected output (full range test) 91`] = `"ninety"`;

exports[`numbers match expected output (full range test) 92`] = `"ninety one"`;

exports[`numbers match expected output (full range test) 93`] = `"ninety two"`;

exports[`numbers match expected output (full range test) 94`] = `"ninety three"`;

exports[`numbers match expected output (full range test) 95`] = `"ninety four"`;

exports[`numbers match expected output (full range test) 96`] = `"ninety five"`;

exports[`numbers match expected output (full range test) 97`] = `"ninety six"`;

exports[`numbers match expected output (full range test) 98`] = `"ninety seven"`;

exports[`numbers match expected output (full range test) 99`] = `"ninety eight"`;

exports[`numbers match expected output (full range test) 100`] = `"ninety nine"`;

exports[`numbers match expected output (full range test) 101`] = `"one hundred"`;

exports[`numbers match expected output (full range test) 102`] = `"one hundred and one"`;

exports[`numbers match expected output (full range test) 103`] = `"one hundred and two"`;

exports[`numbers match expected output (full range test) 104`] = `"one hundred and three"`;

exports[`numbers match expected output (full range test) 105`] = `"one hundred and four"`;

exports[`numbers match expected output (full range test) 106`] = `"one hundred and five"`;

exports[`numbers match expected output (full range test) 107`] = `"one hundred and six"`;

exports[`numbers match expected output (full range test) 108`] = `"one hundred and seven"`;

exports[`numbers match expected output (full range test) 109`] = `"one hundred and eight"`;

exports[`numbers match expected output (full range test) 110`] = `"one hundred and nine"`;

exports[`numbers match expected output (full range test) 111`] = `"one hundred and ten"`;

exports[`numbers match expected output (full range test) 112`] = `"one hundred and eleven"`;

exports[`numbers match expected output (full range test) 113`] = `"one hundred and twelve"`;

exports[`numbers match expected output (full range test) 114`] = `"one hundred and thirteen"`;

exports[`numbers match expected output (full range test) 115`] = `"one hundred and fourteen"`;

exports[`numbers match expected output (full range test) 116`] = `"one hundred and fifteen"`;

exports[`numbers match expected output (full range test) 117`] = `"one hundred and sixteen"`;

exports[`numbers match expected output (full range test) 118`] = `"one hundred and seventeen"`;

exports[`numbers match expected output (full range test) 119`] = `"one hundred and eighteen"`;

exports[`numbers match expected output (full range test) 120`] = `"one hundred and nineteen"`;

exports[`numbers match expected output (full range test) 121`] = `"one hundred and twenty"`;

exports[`numbers match expected output (full range test) 122`] = `"one hundred and twenty one"`;

exports[`numbers match expected output (full range test) 123`] = `"one hundred and twenty two"`;

exports[`numbers match expected output (full range test) 124`] = `"one hundred and twenty three"`;

exports[`numbers match expected output (full range test) 125`] = `"one hundred and twenty four"`;

exports[`numbers match expected output (full range test) 126`] = `"one hundred and twenty five"`;

exports[`numbers match expected output (full range test) 127`] = `"one hundred and twenty six"`;

exports[`numbers match expected output (full range test) 128`] = `"one hundred and twenty seven"`;

exports[`numbers match expected output (full range test) 129`] = `"one hundred and twenty eight"`;

exports[`numbers match expected output (full range test) 130`] = `"one hundred and twenty nine"`;

exports[`numbers match expected output (full range test) 131`] = `"one hundred and thirty"`;

exports[`numbers match expected output (full range test) 132`] = `"one hundred and thirty one"`;

exports[`numbers match expected output (full range test) 133`] = `"one hundred and thirty two"`;

exports[`numbers match expected output (full range test) 134`] = `"one hundred and thirty three"`;

exports[`numbers match expected output (full range test) 135`] = `"one hundred and thirty four"`;

exports[`numbers match expected output (full range test) 136`] = `"one hundred and thirty five"`;

exports[`numbers match expected output (full range test) 137`] = `"one hundred and thirty six"`;

exports[`numbers match expected output (full range test) 138`] = `"one hundred and thirty seven"`;

exports[`numbers match expected output (full range test) 139`] = `"one hundred and thirty eight"`;

exports[`numbers match expected output (full range test) 140`] = `"one hundred and thirty nine"`;

exports[`numbers match expected output (full range test) 141`] = `"one hundred and forty"`;

exports[`numbers match expected output (full range test) 142`] = `"one hundred and forty one"`;

exports[`numbers match expected output (full range test) 143`] = `"one hundred and forty two"`;

exports[`numbers match expected output (full range test) 144`] = `"one hundred and forty three"`;

exports[`numbers match expected output (full range test) 145`] = `"one hundred and forty four"`;

exports[`numbers match expected output (full range test) 146`] = `"one hundred and forty five"`;

exports[`numbers match expected output (full range test) 147`] = `"one hundred and forty six"`;

exports[`numbers match expected output (full range test) 148`] = `"one hundred and forty seven"`;

exports[`numbers match expected output (full range test) 149`] = `"one hundred and forty eight"`;

exports[`numbers match expected output (full range test) 150`] = `"one hundred and forty nine"`;

exports[`numbers match expected output (full range test) 151`] = `"one hundred and fifty"`;

exports[`numbers match expected output (full range test) 152`] = `"one hundred and fifty one"`;

exports[`numbers match expected output (full range test) 153`] = `"one hundred and fifty two"`;

exports[`numbers match expected output (full range test) 154`] = `"one hundred and fifty three"`;

exports[`numbers match expected output (full range test) 155`] = `"one hundred and fifty four"`;

exports[`numbers match expected output (full range test) 156`] = `"one hundred and fifty five"`;

exports[`numbers match expected output (full range test) 157`] = `"one hundred and fifty six"`;

exports[`numbers match expected output (full range test) 158`] = `"one hundred and fifty seven"`;

exports[`numbers match expected output (full range test) 159`] = `"one hundred and fifty eight"`;

exports[`numbers match expected output (full range test) 160`] = `"one hundred and fifty nine"`;

exports[`numbers match expected output (full range test) 161`] = `"one hundred and sixty"`;

exports[`numbers match expected output (full range test) 162`] = `"one hundred and sixty one"`;

exports[`numbers match expected output (full range test) 163`] = `"one hundred and sixty two"`;

exports[`numbers match expected output (full range test) 164`] = `"one hundred and sixty three"`;

exports[`numbers match expected output (full range test) 165`] = `"one hundred and sixty four"`;

exports[`numbers match expected output (full range test) 166`] = `"one hundred and sixty five"`;

exports[`numbers match expected output (full range test) 167`] = `"one hundred and sixty six"`;

exports[`numbers match expected output (full range test) 168`] = `"one hundred and sixty seven"`;

exports[`numbers match expected output (full range test) 169`] = `"one hundred and sixty eight"`;

exports[`numbers match expected output (full range test) 170`] = `"one hundred and sixty nine"`;

exports[`numbers match expected output (full range test) 171`] = `"one hundred and seventy"`;

exports[`numbers match expected output (full range test) 172`] = `"one hundred and seventy one"`;

exports[`numbers match expected output (full range test) 173`] = `"one hundred and seventy two"`;

exports[`numbers match expected output (full range test) 174`] = `"one hundred and seventy three"`;

exports[`numbers match expected output (full range test) 175`] = `"one hundred and seventy four"`;

exports[`numbers match expected output (full range test) 176`] = `"one hundred and seventy five"`;

exports[`numbers match expected output (full range test) 177`] = `"one hundred and seventy six"`;

exports[`numbers match expected output (full range test) 178`] = `"one hundred and seventy seven"`;

exports[`numbers match expected output (full range test) 179`] = `"one hundred and seventy eight"`;

exports[`numbers match expected output (full range test) 180`] = `"one hundred and seventy nine"`;

exports[`numbers match expected output (full range test) 181`] = `"one hundred and eighty"`;

exports[`numbers match expected output (full range test) 182`] = `"one hundred and eighty one"`;

exports[`numbers match expected output (full range test) 183`] = `"one hundred and eighty two"`;

exports[`numbers match expected output (full range test) 184`] = `"one hundred and eighty three"`;

exports[`numbers match expected output (full range test) 185`] = `"one hundred and eighty four"`;

exports[`numbers match expected output (full range test) 186`] = `"one hundred and eighty five"`;

exports[`numbers match expected output (full range test) 187`] = `"one hundred and eighty six"`;

exports[`numbers match expected output (full range test) 188`] = `"one hundred and eighty seven"`;

exports[`numbers match expected output (full range test) 189`] = `"one hundred and eighty eight"`;

exports[`numbers match expected output (full range test) 190`] = `"one hundred and eighty nine"`;

exports[`numbers match expected output (full range test) 191`] = `"one hundred and ninety"`;

exports[`numbers match expected output (full range test) 192`] = `"one hundred and ninety one"`;

exports[`numbers match expected output (full range test) 193`] = `"one hundred and ninety two"`;

exports[`numbers match expected output (full range test) 194`] = `"one hundred and ninety three"`;

exports[`numbers match expected output (full range test) 195`] = `"one hundred and ninety four"`;

exports[`numbers match expected output (full range test) 196`] = `"one hundred and ninety five"`;

exports[`numbers match expected output (full range test) 197`] = `"one hundred and ninety six"`;

exports[`numbers match expected output (full range test) 198`] = `"one hundred and ninety seven"`;

exports[`numbers match expected output (full range test) 199`] = `"one hundred and ninety eight"`;

exports[`numbers match expected output (full range test) 200`] = `"one hundred and ninety nine"`;

exports[`numbers match expected output (full range test) 201`] = `"two hundred"`;

exports[`numbers match expected output (full range test) 202`] = `"two hundred and one"`;

exports[`numbers match expected output (full range test) 203`] = `"two hundred and two"`;

exports[`numbers match expected output (full range test) 204`] = `"two hundred and three"`;

exports[`numbers match expected output (full range test) 205`] = `"two hundred and four"`;

exports[`numbers match expected output (full range test) 206`] = `"two hundred and five"`;

exports[`numbers match expected output (full range test) 207`] = `"two hundred and six"`;

exports[`numbers match expected output (full range test) 208`] = `"two hundred and seven"`;

exports[`numbers match expected output (full range test) 209`] = `"two hundred and eight"`;

exports[`numbers match expected output (full range test) 210`] = `"two hundred and nine"`;

exports[`numbers match expected output (full range test) 211`] = `"two hundred and ten"`;

exports[`numbers match expected output (full range test) 212`] = `"two hundred and eleven"`;

exports[`numbers match expected output (full range test) 213`] = `"two hundred and twelve"`;

exports[`numbers match expected output (full range test) 214`] = `"two hundred and thirteen"`;

exports[`numbers match expected output (full range test) 215`] = `"two hundred and fourteen"`;

exports[`numbers match expected output (full range test) 216`] = `"two hundred and fifteen"`;

exports[`numbers match expected output (full range test) 217`] = `"two hundred and sixteen"`;

exports[`numbers match expected output (full range test) 218`] = `"two hundred and seventeen"`;

exports[`numbers match expected output (full range test) 219`] = `"two hundred and eighteen"`;

exports[`numbers match expected output (full range test) 220`] = `"two hundred and nineteen"`;

exports[`numbers match expected output (full range test) 221`] = `"two hundred and twenty"`;

exports[`numbers match expected output (full range test) 222`] = `"two hundred and twenty one"`;

exports[`numbers match expected output (full range test) 223`] = `"two hundred and twenty two"`;

exports[`numbers match expected output (full range test) 224`] = `"two hundred and twenty three"`;

exports[`numbers match expected output (full range test) 225`] = `"two hundred and twenty four"`;

exports[`numbers match expected output (full range test) 226`] = `"two hundred and twenty five"`;

exports[`numbers match expected output (full range test) 227`] = `"two hundred and twenty six"`;

exports[`numbers match expected output (full range test) 228`] = `"two hundred and twenty seven"`;

exports[`numbers match expected output (full range test) 229`] = `"two hundred and twenty eight"`;

exports[`numbers match expected output (full range test) 230`] = `"two hundred and twenty nine"`;

exports[`numbers match expected output (full range test) 231`] = `"two hundred and thirty"`;

exports[`numbers match expected output (full range test) 232`] = `"two hundred and thirty one"`;

exports[`numbers match expected output (full range test) 233`] = `"two hundred and thirty two"`;

exports[`numbers match expected output (full range test) 234`] = `"two hundred and thirty three"`;

exports[`numbers match expected output (full range test) 235`] = `"two hundred and thirty four"`;

exports[`numbers match expected output (full range test) 236`] = `"two hundred and thirty five"`;

exports[`numbers match expected output (full range test) 237`] = `"two hundred and thirty six"`;

exports[`numbers match expected output (full range test) 238`] = `"two hundred and thirty seven"`;

exports[`numbers match expected output (full range test) 239`] = `"two hundred and thirty eight"`;

exports[`numbers match expected output (full range test) 240`] = `"two hundred and thirty nine"`;

exports[`numbers match expected output (full range test) 241`] = `"two hundred and forty"`;

exports[`numbers match expected output (full range test) 242`] = `"two hundred and forty one"`;

exports[`numbers match expected output (full range test) 243`] = `"two hundred and forty two"`;

exports[`numbers match expected output (full range test) 244`] = `"two hundred and forty three"`;

exports[`numbers match expected output (full range test) 245`] = `"two hundred and forty four"`;

exports[`numbers match expected output (full range test) 246`] = `"two hundred and forty five"`;

exports[`numbers match expected output (full range test) 247`] = `"two hundred and forty six"`;

exports[`numbers match expected output (full range test) 248`] = `"two hundred and forty seven"`;

exports[`numbers match expected output (full range test) 249`] = `"two hundred and forty eight"`;

exports[`numbers match expected output (full range test) 250`] = `"two hundred and forty nine"`;

exports[`numbers match expected output (full range test) 251`] = `"two hundred and fifty"`;

exports[`numbers match expected output (full range test) 252`] = `"two hundred and fifty one"`;

exports[`numbers match expected output (full range test) 253`] = `"two hundred and fifty two"`;

exports[`numbers match expected output (full range test) 254`] = `"two hundred and fifty three"`;

exports[`numbers match expected output (full range test) 255`] = `"two hundred and fifty four"`;

exports[`numbers match expected output (full range test) 256`] = `"two hundred and fifty five"`;

exports[`numbers match expected output (full range test) 257`] = `"two hundred and fifty six"`;

exports[`numbers match expected output (full range test) 258`] = `"two hundred and fifty seven"`;

exports[`numbers match expected output (full range test) 259`] = `"two hundred and fifty eight"`;

exports[`numbers match expected output (full range test) 260`] = `"two hundred and fifty nine"`;

exports[`numbers match expected output (full range test) 261`] = `"two hundred and sixty"`;

exports[`numbers match expected output (full range test) 262`] = `"two hundred and sixty one"`;

exports[`numbers match expected output (full range test) 263`] = `"two hundred and sixty two"`;

exports[`numbers match expected output (full range test) 264`] = `"two hundred and sixty three"`;

exports[`numbers match expected output (full range test) 265`] = `"two hundred and sixty four"`;

exports[`numbers match expected output (full range test) 266`] = `"two hundred and sixty five"`;

exports[`numbers match expected output (full range test) 267`] = `"two hundred and sixty six"`;

exports[`numbers match expected output (full range test) 268`] = `"two hundred and sixty seven"`;

exports[`numbers match expected output (full range test) 269`] = `"two hundred and sixty eight"`;

exports[`numbers match expected output (full range test) 270`] = `"two hundred and sixty nine"`;

exports[`numbers match expected output (full range test) 271`] = `"two hundred and seventy"`;

exports[`numbers match expected output (full range test) 272`] = `"two hundred and seventy one"`;

exports[`numbers match expected output (full range test) 273`] = `"two hundred and seventy two"`;

exports[`numbers match expected output (full range test) 274`] = `"two hundred and seventy three"`;

exports[`numbers match expected output (full range test) 275`] = `"two hundred and seventy four"`;

exports[`numbers match expected output (full range test) 276`] = `"two hundred and seventy five"`;

exports[`numbers match expected output (full range test) 277`] = `"two hundred and seventy six"`;

exports[`numbers match expected output (full range test) 278`] = `"two hundred and seventy seven"`;

exports[`numbers match expected output (full range test) 279`] = `"two hundred and seventy eight"`;

exports[`numbers match expected output (full range test) 280`] = `"two hundred and seventy nine"`;

exports[`numbers match expected output (full range test) 281`] = `"two hundred and eighty"`;

exports[`numbers match expected output (full range test) 282`] = `"two hundred and eighty one"`;

exports[`numbers match expected output (full range test) 283`] = `"two hundred and eighty two"`;

exports[`numbers match expected output (full range test) 284`] = `"two hundred and eighty three"`;

exports[`numbers match expected output (full range test) 285`] = `"two hundred and eighty four"`;

exports[`numbers match expected output (full range test) 286`] = `"two hundred and eighty five"`;

exports[`numbers match expected output (full range test) 287`] = `"two hundred and eighty six"`;

exports[`numbers match expected output (full range test) 288`] = `"two hundred and eighty seven"`;

exports[`numbers match expected output (full range test) 289`] = `"two hundred and eighty eight"`;

exports[`numbers match expected output (full range test) 290`] = `"two hundred and eighty nine"`;

exports[`numbers match expected output (full range test) 291`] = `"two hundred and ninety"`;

exports[`numbers match expected output (full range test) 292`] = `"two hundred and ninety one"`;

exports[`numbers match expected output (full range test) 293`] = `"two hundred and ninety two"`;

exports[`numbers match expected output (full range test) 294`] = `"two hundred and ninety three"`;

exports[`numbers match expected output (full range test) 295`] = `"two hundred and ninety four"`;

exports[`numbers match expected output (full range test) 296`] = `"two hundred and ninety five"`;

exports[`numbers match expected output (full range test) 297`] = `"two hundred and ninety six"`;

exports[`numbers match expected output (full range test) 298`] = `"two hundred and ninety seven"`;

exports[`numbers match expected output (full range test) 299`] = `"two hundred and ninety eight"`;

exports[`numbers match expected output (full range test) 300`] = `"two hundred and ninety nine"`;

exports[`numbers match expected output (full range test) 301`] = `"three hundred"`;

exports[`numbers match expected output (full range test) 302`] = `"three hundred and one"`;

exports[`numbers match expected output (full range test) 303`] = `"three hundred and two"`;

exports[`numbers match expected output (full range test) 304`] = `"three hundred and three"`;

exports[`numbers match expected output (full range test) 305`] = `"three hundred and four"`;

exports[`numbers match expected output (full range test) 306`] = `"three hundred and five"`;

exports[`numbers match expected output (full range test) 307`] = `"three hundred and six"`;

exports[`numbers match expected output (full range test) 308`] = `"three hundred and seven"`;

exports[`numbers match expected output (full range test) 309`] = `"three hundred and eight"`;

exports[`numbers match expected output (full range test) 310`] = `"three hundred and nine"`;

exports[`numbers match expected output (full range test) 311`] = `"three hundred and ten"`;

exports[`numbers match expected output (full range test) 312`] = `"three hundred and eleven"`;

exports[`numbers match expected output (full range test) 313`] = `"three hundred and twelve"`;

exports[`numbers match expected output (full range test) 314`] = `"three hundred and thirteen"`;

exports[`numbers match expected output (full range test) 315`] = `"three hundred and fourteen"`;

exports[`numbers match expected output (full range test) 316`] = `"three hundred and fifteen"`;

exports[`numbers match expected output (full range test) 317`] = `"three hundred and sixteen"`;

exports[`numbers match expected output (full range test) 318`] = `"three hundred and seventeen"`;

exports[`numbers match expected output (full range test) 319`] = `"three hundred and eighteen"`;

exports[`numbers match expected output (full range test) 320`] = `"three hundred and nineteen"`;

exports[`numbers match expected output (full range test) 321`] = `"three hundred and twenty"`;

exports[`numbers match expected output (full range test) 322`] = `"three hundred and twenty one"`;

exports[`numbers match expected output (full range test) 323`] = `"three hundred and twenty two"`;

exports[`numbers match expected output (full range test) 324`] = `"three hundred and twenty three"`;

exports[`numbers match expected output (full range test) 325`] = `"three hundred and twenty four"`;

exports[`numbers match expected output (full range test) 326`] = `"three hundred and twenty five"`;

exports[`numbers match expected output (full range test) 327`] = `"three hundred and twenty six"`;

exports[`numbers match expected output (full range test) 328`] = `"three hundred and twenty seven"`;

exports[`numbers match expected output (full range test) 329`] = `"three hundred and twenty eight"`;

exports[`numbers match expected output (full range test) 330`] = `"three hundred and twenty nine"`;

exports[`numbers match expected output (full range test) 331`] = `"three hundred and thirty"`;

exports[`numbers match expected output (full range test) 332`] = `"three hundred and thirty one"`;

exports[`numbers match expected output (full range test) 333`] = `"three hundred and thirty two"`;

exports[`numbers match expected output (full range test) 334`] = `"three hundred and thirty three"`;

exports[`numbers match expected output (full range test) 335`] = `"three hundred and thirty four"`;

exports[`numbers match expected output (full range test) 336`] = `"three hundred and thirty five"`;

exports[`numbers match expected output (full range test) 337`] = `"three hundred and thirty six"`;

exports[`numbers match expected output (full range test) 338`] = `"three hundred and thirty seven"`;

exports[`numbers match expected output (full range test) 339`] = `"three hundred and thirty eight"`;

exports[`numbers match expected output (full range test) 340`] = `"three hundred and thirty nine"`;

exports[`numbers match expected output (full range test) 341`] = `"three hundred and forty"`;

exports[`numbers match expected output (full range test) 342`] = `"three hundred and forty one"`;

exports[`numbers match expected output (full range test) 343`] = `"three hundred and forty two"`;

exports[`numbers match expected output (full range test) 344`] = `"three hundred and forty three"`;

exports[`numbers match expected output (full range test) 345`] = `"three hundred and forty four"`;

exports[`numbers match expected output (full range test) 346`] = `"three hundred and forty five"`;

exports[`numbers match expected output (full range test) 347`] = `"three hundred and forty six"`;

exports[`numbers match expected output (full range test) 348`] = `"three hundred and forty seven"`;

exports[`numbers match expected output (full range test) 349`] = `"three hundred and forty eight"`;

exports[`numbers match expected output (full range test) 350`] = `"three hundred and forty nine"`;

exports[`numbers match expected output (full range test) 351`] = `"three hundred and fifty"`;

exports[`numbers match expected output (full range test) 352`] = `"three hundred and fifty one"`;

exports[`numbers match expected output (full range test) 353`] = `"three hundred and fifty two"`;

exports[`numbers match expected output (full range test) 354`] = `"three hundred and fifty three"`;

exports[`numbers match expected output (full range test) 355`] = `"three hundred and fifty four"`;

exports[`numbers match expected output (full range test) 356`] = `"three hundred and fifty five"`;

exports[`numbers match expected output (full range test) 357`] = `"three hundred and fifty six"`;

exports[`numbers match expected output (full range test) 358`] = `"three hundred and fifty seven"`;

exports[`numbers match expected output (full range test) 359`] = `"three hundred and fifty eight"`;

exports[`numbers match expected output (full range test) 360`] = `"three hundred and fifty nine"`;

exports[`numbers match expected output (full range test) 361`] = `"three hundred and sixty"`;

exports[`numbers match expected output (full range test) 362`] = `"three hundred and sixty one"`;

exports[`numbers match expected output (full range test) 363`] = `"three hundred and sixty two"`;

exports[`numbers match expected output (full range test) 364`] = `"three hundred and sixty three"`;

exports[`numbers match expected output (full range test) 365`] = `"three hundred and sixty four"`;

exports[`numbers match expected output (full range test) 366`] = `"three hundred and sixty five"`;

exports[`numbers match expected output (full range test) 367`] = `"three hundred and sixty six"`;

exports[`numbers match expected output (full range test) 368`] = `"three hundred and sixty seven"`;

exports[`numbers match expected output (full range test) 369`] = `"three hundred and sixty eight"`;

exports[`numbers match expected output (full range test) 370`] = `"three hundred and sixty nine"`;

exports[`numbers match expected output (full range test) 371`] = `"three hundred and seventy"`;

exports[`numbers match expected output (full range test) 372`] = `"three hundred and seventy one"`;

exports[`numbers match expected output (full range test) 373`] = `"three hundred and seventy two"`;

exports[`numbers match expected output (full range test) 374`] = `"three hundred and seventy three"`;

exports[`numbers match expected output (full range test) 375`] = `"three hundred and seventy four"`;

exports[`numbers match expected output (full range test) 376`] = `"three hundred and seventy five"`;

exports[`numbers match expected output (full range test) 377`] = `"three hundred and seventy six"`;

exports[`numbers match expected output (full range test) 378`] = `"three hundred and seventy seven"`;

exports[`numbers match expected output (full range test) 379`] = `"three hundred and seventy eight"`;

exports[`numbers match expected output (full range test) 380`] = `"three hundred and seventy nine"`;

exports[`numbers match expected output (full range test) 381`] = `"three hundred and eighty"`;

exports[`numbers match expected output (full range test) 382`] = `"three hundred and eighty one"`;

exports[`numbers match expected output (full range test) 383`] = `"three hundred and eighty two"`;

exports[`numbers match expected output (full range test) 384`] = `"three hundred and eighty three"`;

exports[`numbers match expected output (full range test) 385`] = `"three hundred and eighty four"`;

exports[`numbers match expected output (full range test) 386`] = `"three hundred and eighty five"`;

exports[`numbers match expected output (full range test) 387`] = `"three hundred and eighty six"`;

exports[`numbers match expected output (full range test) 388`] = `"three hundred and eighty seven"`;

exports[`numbers match expected output (full range test) 389`] = `"three hundred and eighty eight"`;

exports[`numbers match expected output (full range test) 390`] = `"three hundred and eighty nine"`;

exports[`numbers match expected output (full range test) 391`] = `"three hundred and ninety"`;

exports[`numbers match expected output (full range test) 392`] = `"three hundred and ninety one"`;

exports[`numbers match expected output (full range test) 393`] = `"three hundred and ninety two"`;

exports[`numbers match expected output (full range test) 394`] = `"three hundred and ninety three"`;

exports[`numbers match expected output (full range test) 395`] = `"three hundred and ninety four"`;

exports[`numbers match expected output (full range test) 396`] = `"three hundred and ninety five"`;

exports[`numbers match expected output (full range test) 397`] = `"three hundred and ninety six"`;

exports[`numbers match expected output (full range test) 398`] = `"three hundred and ninety seven"`;

exports[`numbers match expected output (full range test) 399`] = `"three hundred and ninety eight"`;

exports[`numbers match expected output (full range test) 400`] = `"three hundred and ninety nine"`;

exports[`numbers match expected output (full range test) 401`] = `"four hundred"`;

exports[`numbers match expected output (full range test) 402`] = `"four hundred and one"`;

exports[`numbers match expected output (full range test) 403`] = `"four hundred and two"`;

exports[`numbers match expected output (full range test) 404`] = `"four hundred and three"`;

exports[`numbers match expected output (full range test) 405`] = `"four hundred and four"`;

exports[`numbers match expected output (full range test) 406`] = `"four hundred and five"`;

exports[`numbers match expected output (full range test) 407`] = `"four hundred and six"`;

exports[`numbers match expected output (full range test) 408`] = `"four hundred and seven"`;

exports[`numbers match expected output (full range test) 409`] = `"four hundred and eight"`;

exports[`numbers match expected output (full range test) 410`] = `"four hundred and nine"`;

exports[`numbers match expected output (full range test) 411`] = `"four hundred and ten"`;

exports[`numbers match expected output (full range test) 412`] = `"four hundred and eleven"`;

exports[`numbers match expected output (full range test) 413`] = `"four hundred and twelve"`;

exports[`numbers match expected output (full range test) 414`] = `"four hundred and thirteen"`;

exports[`numbers match expected output (full range test) 415`] = `"four hundred and fourteen"`;

exports[`numbers match expected output (full range test) 416`] = `"four hundred and fifteen"`;

exports[`numbers match expected output (full range test) 417`] = `"four hundred and sixteen"`;

exports[`numbers match expected output (full range test) 418`] = `"four hundred and seventeen"`;

exports[`numbers match expected output (full range test) 419`] = `"four hundred and eighteen"`;

exports[`numbers match expected output (full range test) 420`] = `"four hundred and nineteen"`;

exports[`numbers match expected output (full range test) 421`] = `"four hundred and twenty"`;

exports[`numbers match expected output (full range test) 422`] = `"four hundred and twenty one"`;

exports[`numbers match expected output (full range test) 423`] = `"four hundred and twenty two"`;

exports[`numbers match expected output (full range test) 424`] = `"four hundred and twenty three"`;

exports[`numbers match expected output (full range test) 425`] = `"four hundred and twenty four"`;

exports[`numbers match expected output (full range test) 426`] = `"four hundred and twenty five"`;

exports[`numbers match expected output (full range test) 427`] = `"four hundred and twenty six"`;

exports[`numbers match expected output (full range test) 428`] = `"four hundred and twenty seven"`;

exports[`numbers match expected output (full range test) 429`] = `"four hundred and twenty eight"`;

exports[`numbers match expected output (full range test) 430`] = `"four hundred and twenty nine"`;

exports[`numbers match expected output (full range test) 431`] = `"four hundred and thirty"`;

exports[`numbers match expected output (full range test) 432`] = `"four hundred and thirty one"`;

exports[`numbers match expected output (full range test) 433`] = `"four hundred and thirty two"`;

exports[`numbers match expected output (full range test) 434`] = `"four hundred and thirty three"`;

exports[`numbers match expected output (full range test) 435`] = `"four hundred and thirty four"`;

exports[`numbers match expected output (full range test) 436`] = `"four hundred and thirty five"`;

exports[`numbers match expected output (full range test) 437`] = `"four hundred and thirty six"`;

exports[`numbers match expected output (full range test) 438`] = `"four hundred and thirty seven"`;

exports[`numbers match expected output (full range test) 439`] = `"four hundred and thirty eight"`;

exports[`numbers match expected output (full range test) 440`] = `"four hundred and thirty nine"`;

exports[`numbers match expected output (full range test) 441`] = `"four hundred and forty"`;

exports[`numbers match expected output (full range test) 442`] = `"four hundred and forty one"`;

exports[`numbers match expected output (full range test) 443`] = `"four hundred and forty two"`;

exports[`numbers match expected output (full range test) 444`] = `"four hundred and forty three"`;

exports[`numbers match expected output (full range test) 445`] = `"four hundred and forty four"`;

exports[`numbers match expected output (full range test) 446`] = `"four hundred and forty five"`;

exports[`numbers match expected output (full range test) 447`] = `"four hundred and forty six"`;

exports[`numbers match expected output (full range test) 448`] = `"four hundred and forty seven"`;

exports[`numbers match expected output (full range test) 449`] = `"four hundred and forty eight"`;

exports[`numbers match expected output (full range test) 450`] = `"four hundred and forty nine"`;

exports[`numbers match expected output (full range test) 451`] = `"four hundred and fifty"`;

exports[`numbers match expected output (full range test) 452`] = `"four hundred and fifty one"`;

exports[`numbers match expected output (full range test) 453`] = `"four hundred and fifty two"`;

exports[`numbers match expected output (full range test) 454`] = `"four hundred and fifty three"`;

exports[`numbers match expected output (full range test) 455`] = `"four hundred and fifty four"`;

exports[`numbers match expected output (full range test) 456`] = `"four hundred and fifty five"`;

exports[`numbers match expected output (full range test) 457`] = `"four hundred and fifty six"`;

exports[`numbers match expected output (full range test) 458`] = `"four hundred and fifty seven"`;

exports[`numbers match expected output (full range test) 459`] = `"four hundred and fifty eight"`;

exports[`numbers match expected output (full range test) 460`] = `"four hundred and fifty nine"`;

exports[`numbers match expected output (full range test) 461`] = `"four hundred and sixty"`;

exports[`numbers match expected output (full range test) 462`] = `"four hundred and sixty one"`;

exports[`numbers match expected output (full range test) 463`] = `"four hundred and sixty two"`;

exports[`numbers match expected output (full range test) 464`] = `"four hundred and sixty three"`;

exports[`numbers match expected output (full range test) 465`] = `"four hundred and sixty four"`;

exports[`numbers match expected output (full range test) 466`] = `"four hundred and sixty five"`;

exports[`numbers match expected output (full range test) 467`] = `"four hundred and sixty six"`;

exports[`numbers match expected output (full range test) 468`] = `"four hundred and sixty seven"`;

exports[`numbers match expected output (full range test) 469`] = `"four hundred and sixty eight"`;

exports[`numbers match expected output (full range test) 470`] = `"four hundred and sixty nine"`;

exports[`numbers match expected output (full range test) 471`] = `"four hundred and seventy"`;

exports[`numbers match expected output (full range test) 472`] = `"four hundred and seventy one"`;

exports[`numbers match expected output (full range test) 473`] = `"four hundred and seventy two"`;

exports[`numbers match expected output (full range test) 474`] = `"four hundred and seventy three"`;

exports[`numbers match expected output (full range test) 475`] = `"four hundred and seventy four"`;

exports[`numbers match expected output (full range test) 476`] = `"four hundred and seventy five"`;

exports[`numbers match expected output (full range test) 477`] = `"four hundred and seventy six"`;

exports[`numbers match expected output (full range test) 478`] = `"four hundred and seventy seven"`;

exports[`numbers match expected output (full range test) 479`] = `"four hundred and seventy eight"`;

exports[`numbers match expected output (full range test) 480`] = `"four hundred and seventy nine"`;

exports[`numbers match expected output (full range test) 481`] = `"four hundred and eighty"`;

exports[`numbers match expected output (full range test) 482`] = `"four hundred and eighty one"`;

exports[`numbers match expected output (full range test) 483`] = `"four hundred and eighty two"`;

exports[`numbers match expected output (full range test) 484`] = `"four hundred and eighty three"`;

exports[`numbers match expected output (full range test) 485`] = `"four hundred and eighty four"`;

exports[`numbers match expected output (full range test) 486`] = `"four hundred and eighty five"`;

exports[`numbers match expected output (full range test) 487`] = `"four hundred and eighty six"`;

exports[`numbers match expected output (full range test) 488`] = `"four hundred and eighty seven"`;

exports[`numbers match expected output (full range test) 489`] = `"four hundred and eighty eight"`;

exports[`numbers match expected output (full range test) 490`] = `"four hundred and eighty nine"`;

exports[`numbers match expected output (full range test) 491`] = `"four hundred and ninety"`;

exports[`numbers match expected output (full range test) 492`] = `"four hundred and ninety one"`;

exports[`numbers match expected output (full range test) 493`] = `"four hundred and ninety two"`;

exports[`numbers match expected output (full range test) 494`] = `"four hundred and ninety three"`;

exports[`numbers match expected output (full range test) 495`] = `"four hundred and ninety four"`;

exports[`numbers match expected output (full range test) 496`] = `"four hundred and ninety five"`;

exports[`numbers match expected output (full range test) 497`] = `"four hundred and ninety six"`;

exports[`numbers match expected output (full range test) 498`] = `"four hundred and ninety seven"`;

exports[`numbers match expected output (full range test) 499`] = `"four hundred and ninety eight"`;

exports[`numbers match expected output (full range test) 500`] = `"four hundred and ninety nine"`;

exports[`numbers match expected output (full range test) 501`] = `"five hundred"`;

exports[`numbers match expected output (full range test) 502`] = `"five hundred and one"`;

exports[`numbers match expected output (full range test) 503`] = `"five hundred and two"`;

exports[`numbers match expected output (full range test) 504`] = `"five hundred and three"`;

exports[`numbers match expected output (full range test) 505`] = `"five hundred and four"`;

exports[`numbers match expected output (full range test) 506`] = `"five hundred and five"`;

exports[`numbers match expected output (full range test) 507`] = `"five hundred and six"`;

exports[`numbers match expected output (full range test) 508`] = `"five hundred and seven"`;

exports[`numbers match expected output (full range test) 509`] = `"five hundred and eight"`;

exports[`numbers match expected output (full range test) 510`] = `"five hundred and nine"`;

exports[`numbers match expected output (full range test) 511`] = `"five hundred and ten"`;

exports[`numbers match expected output (full range test) 512`] = `"five hundred and eleven"`;

exports[`numbers match expected output (full range test) 513`] = `"five hundred and twelve"`;

exports[`numbers match expected output (full range test) 514`] = `"five hundred and thirteen"`;

exports[`numbers match expected output (full range test) 515`] = `"five hundred and fourteen"`;

exports[`numbers match expected output (full range test) 516`] = `"five hundred and fifteen"`;

exports[`numbers match expected output (full range test) 517`] = `"five hundred and sixteen"`;

exports[`numbers match expected output (full range test) 518`] = `"five hundred and seventeen"`;

exports[`numbers match expected output (full range test) 519`] = `"five hundred and eighteen"`;

exports[`numbers match expected output (full range test) 520`] = `"five hundred and nineteen"`;

exports[`numbers match expected output (full range test) 521`] = `"five hundred and twenty"`;

exports[`numbers match expected output (full range test) 522`] = `"five hundred and twenty one"`;

exports[`numbers match expected output (full range test) 523`] = `"five hundred and twenty two"`;

exports[`numbers match expected output (full range test) 524`] = `"five hundred and twenty three"`;

exports[`numbers match expected output (full range test) 525`] = `"five hundred and twenty four"`;

exports[`numbers match expected output (full range test) 526`] = `"five hundred and twenty five"`;

exports[`numbers match expected output (full range test) 527`] = `"five hundred and twenty six"`;

exports[`numbers match expected output (full range test) 528`] = `"five hundred and twenty seven"`;

exports[`numbers match expected output (full range test) 529`] = `"five hundred and twenty eight"`;

exports[`numbers match expected output (full range test) 530`] = `"five hundred and twenty nine"`;

exports[`numbers match expected output (full range test) 531`] = `"five hundred and thirty"`;

exports[`numbers match expected output (full range test) 532`] = `"five hundred and thirty one"`;

exports[`numbers match expected output (full range test) 533`] = `"five hundred and thirty two"`;

exports[`numbers match expected output (full range test) 534`] = `"five hundred and thirty three"`;

exports[`numbers match expected output (full range test) 535`] = `"five hundred and thirty four"`;

exports[`numbers match expected output (full range test) 536`] = `"five hundred and thirty five"`;

exports[`numbers match expected output (full range test) 537`] = `"five hundred and thirty six"`;

exports[`numbers match expected output (full range test) 538`] = `"five hundred and thirty seven"`;

exports[`numbers match expected output (full range test) 539`] = `"five hundred and thirty eight"`;

exports[`numbers match expected output (full range test) 540`] = `"five hundred and thirty nine"`;

exports[`numbers match expected output (full range test) 541`] = `"five hundred and forty"`;

exports[`numbers match expected output (full range test) 542`] = `"five hundred and forty one"`;

exports[`numbers match expected output (full range test) 543`] = `"five hundred and forty two"`;

exports[`numbers match expected output (full range test) 544`] = `"five hundred and forty three"`;

exports[`numbers match expected output (full range test) 545`] = `"five hundred and forty four"`;

exports[`numbers match expected output (full range test) 546`] = `"five hundred and forty five"`;

exports[`numbers match expected output (full range test) 547`] = `"five hundred and forty six"`;

exports[`numbers match expected output (full range test) 548`] = `"five hundred and forty seven"`;

exports[`numbers match expected output (full range test) 549`] = `"five hundred and forty eight"`;

exports[`numbers match expected output (full range test) 550`] = `"five hundred and forty nine"`;

exports[`numbers match expected output (full range test) 551`] = `"five hundred and fifty"`;

exports[`numbers match expected output (full range test) 552`] = `"five hundred and fifty one"`;

exports[`numbers match expected output (full range test) 553`] = `"five hundred and fifty two"`;

exports[`numbers match expected output (full range test) 554`] = `"five hundred and fifty three"`;

exports[`numbers match expected output (full range test) 555`] = `"five hundred and fifty four"`;

exports[`numbers match expected output (full range test) 556`] = `"five hundred and fifty five"`;

exports[`numbers match expected output (full range test) 557`] = `"five hundred and fifty six"`;

exports[`numbers match expected output (full range test) 558`] = `"five hundred and fifty seven"`;

exports[`numbers match expected output (full range test) 559`] = `"five hundred and fifty eight"`;

exports[`numbers match expected output (full range test) 560`] = `"five hundred and fifty nine"`;

exports[`numbers match expected output (full range test) 561`] = `"five hundred and sixty"`;

exports[`numbers match expected output (full range test) 562`] = `"five hundred and sixty one"`;

exports[`numbers match expected output (full range test) 563`] = `"five hundred and sixty two"`;

exports[`numbers match expected output (full range test) 564`] = `"five hundred and sixty three"`;

exports[`numbers match expected output (full range test) 565`] = `"five hundred and sixty four"`;

exports[`numbers match expected output (full range test) 566`] = `"five hundred and sixty five"`;

exports[`numbers match expected output (full range test) 567`] = `"five hundred and sixty six"`;

exports[`numbers match expected output (full range test) 568`] = `"five hundred and sixty seven"`;

exports[`numbers match expected output (full range test) 569`] = `"five hundred and sixty eight"`;

exports[`numbers match expected output (full range test) 570`] = `"five hundred and sixty nine"`;

exports[`numbers match expected output (full range test) 571`] = `"five hundred and seventy"`;

exports[`numbers match expected output (full range test) 572`] = `"five hundred and seventy one"`;

exports[`numbers match expected output (full range test) 573`] = `"five hundred and seventy two"`;

exports[`numbers match expected output (full range test) 574`] = `"five hundred and seventy three"`;

exports[`numbers match expected output (full range test) 575`] = `"five hundred and seventy four"`;

exports[`numbers match expected output (full range test) 576`] = `"five hundred and seventy five"`;

exports[`numbers match expected output (full range test) 577`] = `"five hundred and seventy six"`;

exports[`numbers match expected output (full range test) 578`] = `"five hundred and seventy seven"`;

exports[`numbers match expected output (full range test) 579`] = `"five hundred and seventy eight"`;

exports[`numbers match expected output (full range test) 580`] = `"five hundred and seventy nine"`;

exports[`numbers match expected output (full range test) 581`] = `"five hundred and eighty"`;

exports[`numbers match expected output (full range test) 582`] = `"five hundred and eighty one"`;

exports[`numbers match expected output (full range test) 583`] = `"five hundred and eighty two"`;

exports[`numbers match expected output (full range test) 584`] = `"five hundred and eighty three"`;

exports[`numbers match expected output (full range test) 585`] = `"five hundred and eighty four"`;

exports[`numbers match expected output (full range test) 586`] = `"five hundred and eighty five"`;

exports[`numbers match expected output (full range test) 587`] = `"five hundred and eighty six"`;

exports[`numbers match expected output (full range test) 588`] = `"five hundred and eighty seven"`;

exports[`numbers match expected output (full range test) 589`] = `"five hundred and eighty eight"`;

exports[`numbers match expected output (full range test) 590`] = `"five hundred and eighty nine"`;

exports[`numbers match expected output (full range test) 591`] = `"five hundred and ninety"`;

exports[`numbers match expected output (full range test) 592`] = `"five hundred and ninety one"`;

exports[`numbers match expected output (full range test) 593`] = `"five hundred and ninety two"`;

exports[`numbers match expected output (full range test) 594`] = `"five hundred and ninety three"`;

exports[`numbers match expected output (full range test) 595`] = `"five hundred and ninety four"`;

exports[`numbers match expected output (full range test) 596`] = `"five hundred and ninety five"`;

exports[`numbers match expected output (full range test) 597`] = `"five hundred and ninety six"`;

exports[`numbers match expected output (full range test) 598`] = `"five hundred and ninety seven"`;

exports[`numbers match expected output (full range test) 599`] = `"five hundred and ninety eight"`;

exports[`numbers match expected output (full range test) 600`] = `"five hundred and ninety nine"`;

exports[`numbers match expected output (full range test) 601`] = `"six hundred"`;

exports[`numbers match expected output (full range test) 602`] = `"six hundred and one"`;

exports[`numbers match expected output (full range test) 603`] = `"six hundred and two"`;

exports[`numbers match expected output (full range test) 604`] = `"six hundred and three"`;

exports[`numbers match expected output (full range test) 605`] = `"six hundred and four"`;

exports[`numbers match expected output (full range test) 606`] = `"six hundred and five"`;

exports[`numbers match expected output (full range test) 607`] = `"six hundred and six"`;

exports[`numbers match expected output (full range test) 608`] = `"six hundred and seven"`;

exports[`numbers match expected output (full range test) 609`] = `"six hundred and eight"`;

exports[`numbers match expected output (full range test) 610`] = `"six hundred and nine"`;

exports[`numbers match expected output (full range test) 611`] = `"six hundred and ten"`;

exports[`numbers match expected output (full range test) 612`] = `"six hundred and eleven"`;

exports[`numbers match expected output (full range test) 613`] = `"six hundred and twelve"`;

exports[`numbers match expected output (full range test) 614`] = `"six hundred and thirteen"`;

exports[`numbers match expected output (full range test) 615`] = `"six hundred and fourteen"`;

exports[`numbers match expected output (full range test) 616`] = `"six hundred and fifteen"`;

exports[`numbers match expected output (full range test) 617`] = `"six hundred and sixteen"`;

exports[`numbers match expected output (full range test) 618`] = `"six hundred and seventeen"`;

exports[`numbers match expected output (full range test) 619`] = `"six hundred and eighteen"`;

exports[`numbers match expected output (full range test) 620`] = `"six hundred and nineteen"`;

exports[`numbers match expected output (full range test) 621`] = `"six hundred and twenty"`;

exports[`numbers match expected output (full range test) 622`] = `"six hundred and twenty one"`;

exports[`numbers match expected output (full range test) 623`] = `"six hundred and twenty two"`;

exports[`numbers match expected output (full range test) 624`] = `"six hundred and twenty three"`;

exports[`numbers match expected output (full range test) 625`] = `"six hundred and twenty four"`;

exports[`numbers match expected output (full range test) 626`] = `"six hundred and twenty five"`;

exports[`numbers match expected output (full range test) 627`] = `"six hundred and twenty six"`;

exports[`numbers match expected output (full range test) 628`] = `"six hundred and twenty seven"`;

exports[`numbers match expected output (full range test) 629`] = `"six hundred and twenty eight"`;

exports[`numbers match expected output (full range test) 630`] = `"six hundred and twenty nine"`;

exports[`numbers match expected output (full range test) 631`] = `"six hundred and thirty"`;

exports[`numbers match expected output (full range test) 632`] = `"six hundred and thirty one"`;

exports[`numbers match expected output (full range test) 633`] = `"six hundred and thirty two"`;

exports[`numbers match expected output (full range test) 634`] = `"six hundred and thirty three"`;

exports[`numbers match expected output (full range test) 635`] = `"six hundred and thirty four"`;

exports[`numbers match expected output (full range test) 636`] = `"six hundred and thirty five"`;

exports[`numbers match expected output (full range test) 637`] = `"six hundred and thirty six"`;

exports[`numbers match expected output (full range test) 638`] = `"six hundred and thirty seven"`;

exports[`numbers match expected output (full range test) 639`] = `"six hundred and thirty eight"`;

exports[`numbers match expected output (full range test) 640`] = `"six hundred and thirty nine"`;

exports[`numbers match expected output (full range test) 641`] = `"six hundred and forty"`;

exports[`numbers match expected output (full range test) 642`] = `"six hundred and forty one"`;

exports[`numbers match expected output (full range test) 643`] = `"six hundred and forty two"`;

exports[`numbers match expected output (full range test) 644`] = `"six hundred and forty three"`;

exports[`numbers match expected output (full range test) 645`] = `"six hundred and forty four"`;

exports[`numbers match expected output (full range test) 646`] = `"six hundred and forty five"`;

exports[`numbers match expected output (full range test) 647`] = `"six hundred and forty six"`;

exports[`numbers match expected output (full range test) 648`] = `"six hundred and forty seven"`;

exports[`numbers match expected output (full range test) 649`] = `"six hundred and forty eight"`;

exports[`numbers match expected output (full range test) 650`] = `"six hundred and forty nine"`;

exports[`numbers match expected output (full range test) 651`] = `"six hundred and fifty"`;

exports[`numbers match expected output (full range test) 652`] = `"six hundred and fifty one"`;

exports[`numbers match expected output (full range test) 653`] = `"six hundred and fifty two"`;

exports[`numbers match expected output (full range test) 654`] = `"six hundred and fifty three"`;

exports[`numbers match expected output (full range test) 655`] = `"six hundred and fifty four"`;

exports[`numbers match expected output (full range test) 656`] = `"six hundred and fifty five"`;

exports[`numbers match expected output (full range test) 657`] = `"six hundred and fifty six"`;

exports[`numbers match expected output (full range test) 658`] = `"six hundred and fifty seven"`;

exports[`numbers match expected output (full range test) 659`] = `"six hundred and fifty eight"`;

exports[`numbers match expected output (full range test) 660`] = `"six hundred and fifty nine"`;

exports[`numbers match expected output (full range test) 661`] = `"six hundred and sixty"`;

exports[`numbers match expected output (full range test) 662`] = `"six hundred and sixty one"`;

exports[`numbers match expected output (full range test) 663`] = `"six hundred and sixty two"`;

exports[`numbers match expected output (full range test) 664`] = `"six hundred and sixty three"`;

exports[`numbers match expected output (full range test) 665`] = `"six hundred and sixty four"`;

exports[`numbers match expected output (full range test) 666`] = `"six hundred and sixty five"`;

exports[`numbers match expected output (full range test) 667`] = `"six hundred and sixty six"`;

exports[`numbers match expected output (full range test) 668`] = `"six hundred and sixty seven"`;

exports[`numbers match expected output (full range test) 669`] = `"six hundred and sixty eight"`;

exports[`numbers match expected output (full range test) 670`] = `"six hundred and sixty nine"`;

exports[`numbers match expected output (full range test) 671`] = `"six hundred and seventy"`;

exports[`numbers match expected output (full range test) 672`] = `"six hundred and seventy one"`;

exports[`numbers match expected output (full range test) 673`] = `"six hundred and seventy two"`;

exports[`numbers match expected output (full range test) 674`] = `"six hundred and seventy three"`;

exports[`numbers match expected output (full range test) 675`] = `"six hundred and seventy four"`;

exports[`numbers match expected output (full range test) 676`] = `"six hundred and seventy five"`;

exports[`numbers match expected output (full range test) 677`] = `"six hundred and seventy six"`;

exports[`numbers match expected output (full range test) 678`] = `"six hundred and seventy seven"`;

exports[`numbers match expected output (full range test) 679`] = `"six hundred and seventy eight"`;

exports[`numbers match expected output (full range test) 680`] = `"six hundred and seventy nine"`;

exports[`numbers match expected output (full range test) 681`] = `"six hundred and eighty"`;

exports[`numbers match expected output (full range test) 682`] = `"six hundred and eighty one"`;

exports[`numbers match expected output (full range test) 683`] = `"six hundred and eighty two"`;

exports[`numbers match expected output (full range test) 684`] = `"six hundred and eighty three"`;

exports[`numbers match expected output (full range test) 685`] = `"six hundred and eighty four"`;

exports[`numbers match expected output (full range test) 686`] = `"six hundred and eighty five"`;

exports[`numbers match expected output (full range test) 687`] = `"six hundred and eighty six"`;

exports[`numbers match expected output (full range test) 688`] = `"six hundred and eighty seven"`;

exports[`numbers match expected output (full range test) 689`] = `"six hundred and eighty eight"`;

exports[`numbers match expected output (full range test) 690`] = `"six hundred and eighty nine"`;

exports[`numbers match expected output (full range test) 691`] = `"six hundred and ninety"`;

exports[`numbers match expected output (full range test) 692`] = `"six hundred and ninety one"`;

exports[`numbers match expected output (full range test) 693`] = `"six hundred and ninety two"`;

exports[`numbers match expected output (full range test) 694`] = `"six hundred and ninety three"`;

exports[`numbers match expected output (full range test) 695`] = `"six hundred and ninety four"`;

exports[`numbers match expected output (full range test) 696`] = `"six hundred and ninety five"`;

exports[`numbers match expected output (full range test) 697`] = `"six hundred and ninety six"`;

exports[`numbers match expected output (full range test) 698`] = `"six hundred and ninety seven"`;

exports[`numbers match expected output (full range test) 699`] = `"six hundred and ninety eight"`;

exports[`numbers match expected output (full range test) 700`] = `"six hundred and ninety nine"`;

exports[`numbers match expected output (full range test) 701`] = `"seven hundred"`;

exports[`numbers match expected output (full range test) 702`] = `"seven hundred and one"`;

exports[`numbers match expected output (full range test) 703`] = `"seven hundred and two"`;

exports[`numbers match expected output (full range test) 704`] = `"seven hundred and three"`;

exports[`numbers match expected output (full range test) 705`] = `"seven hundred and four"`;

exports[`numbers match expected output (full range test) 706`] = `"seven hundred and five"`;

exports[`numbers match expected output (full range test) 707`] = `"seven hundred and six"`;

exports[`numbers match expected output (full range test) 708`] = `"seven hundred and seven"`;

exports[`numbers match expected output (full range test) 709`] = `"seven hundred and eight"`;

exports[`numbers match expected output (full range test) 710`] = `"seven hundred and nine"`;

exports[`numbers match expected output (full range test) 711`] = `"seven hundred and ten"`;

exports[`numbers match expected output (full range test) 712`] = `"seven hundred and eleven"`;

exports[`numbers match expected output (full range test) 713`] = `"seven hundred and twelve"`;

exports[`numbers match expected output (full range test) 714`] = `"seven hundred and thirteen"`;

exports[`numbers match expected output (full range test) 715`] = `"seven hundred and fourteen"`;

exports[`numbers match expected output (full range test) 716`] = `"seven hundred and fifteen"`;

exports[`numbers match expected output (full range test) 717`] = `"seven hundred and sixteen"`;

exports[`numbers match expected output (full range test) 718`] = `"seven hundred and seventeen"`;

exports[`numbers match expected output (full range test) 719`] = `"seven hundred and eighteen"`;

exports[`numbers match expected output (full range test) 720`] = `"seven hundred and nineteen"`;

exports[`numbers match expected output (full range test) 721`] = `"seven hundred and twenty"`;

exports[`numbers match expected output (full range test) 722`] = `"seven hundred and twenty one"`;

exports[`numbers match expected output (full range test) 723`] = `"seven hundred and twenty two"`;

exports[`numbers match expected output (full range test) 724`] = `"seven hundred and twenty three"`;

exports[`numbers match expected output (full range test) 725`] = `"seven hundred and twenty four"`;

exports[`numbers match expected output (full range test) 726`] = `"seven hundred and twenty five"`;

exports[`numbers match expected output (full range test) 727`] = `"seven hundred and twenty six"`;

exports[`numbers match expected output (full range test) 728`] = `"seven hundred and twenty seven"`;

exports[`numbers match expected output (full range test) 729`] = `"seven hundred and twenty eight"`;

exports[`numbers match expected output (full range test) 730`] = `"seven hundred and twenty nine"`;

exports[`numbers match expected output (full range test) 731`] = `"seven hundred and thirty"`;

exports[`numbers match expected output (full range test) 732`] = `"seven hundred and thirty one"`;

exports[`numbers match expected output (full range test) 733`] = `"seven hundred and thirty two"`;

exports[`numbers match expected output (full range test) 734`] = `"seven hundred and thirty three"`;

exports[`numbers match expected output (full range test) 735`] = `"seven hundred and thirty four"`;

exports[`numbers match expected output (full range test) 736`] = `"seven hundred and thirty five"`;

exports[`numbers match expected output (full range test) 737`] = `"seven hundred and thirty six"`;

exports[`numbers match expected output (full range test) 738`] = `"seven hundred and thirty seven"`;

exports[`numbers match expected output (full range test) 739`] = `"seven hundred and thirty eight"`;

exports[`numbers match expected output (full range test) 740`] = `"seven hundred and thirty nine"`;

exports[`numbers match expected output (full range test) 741`] = `"seven hundred and forty"`;

exports[`numbers match expected output (full range test) 742`] = `"seven hundred and forty one"`;

exports[`numbers match expected output (full range test) 743`] = `"seven hundred and forty two"`;

exports[`numbers match expected output (full range test) 744`] = `"seven hundred and forty three"`;

exports[`numbers match expected output (full range test) 745`] = `"seven hundred and forty four"`;

exports[`numbers match expected output (full range test) 746`] = `"seven hundred and forty five"`;

exports[`numbers match expected output (full range test) 747`] = `"seven hundred and forty six"`;

exports[`numbers match expected output (full range test) 748`] = `"seven hundred and forty seven"`;

exports[`numbers match expected output (full range test) 749`] = `"seven hundred and forty eight"`;

exports[`numbers match expected output (full range test) 750`] = `"seven hundred and forty nine"`;

exports[`numbers match expected output (full range test) 751`] = `"seven hundred and fifty"`;

exports[`numbers match expected output (full range test) 752`] = `"seven hundred and fifty one"`;

exports[`numbers match expected output (full range test) 753`] = `"seven hundred and fifty two"`;

exports[`numbers match expected output (full range test) 754`] = `"seven hundred and fifty three"`;

exports[`numbers match expected output (full range test) 755`] = `"seven hundred and fifty four"`;

exports[`numbers match expected output (full range test) 756`] = `"seven hundred and fifty five"`;

exports[`numbers match expected output (full range test) 757`] = `"seven hundred and fifty six"`;

exports[`numbers match expected output (full range test) 758`] = `"seven hundred and fifty seven"`;

exports[`numbers match expected output (full range test) 759`] = `"seven hundred and fifty eight"`;

exports[`numbers match expected output (full range test) 760`] = `"seven hundred and fifty nine"`;

exports[`numbers match expected output (full range test) 761`] = `"seven hundred and sixty"`;

exports[`numbers match expected output (full range test) 762`] = `"seven hundred and sixty one"`;

exports[`numbers match expected output (full range test) 763`] = `"seven hundred and sixty two"`;

exports[`numbers match expected output (full range test) 764`] = `"seven hundred and sixty three"`;

exports[`numbers match expected output (full range test) 765`] = `"seven hundred and sixty four"`;

exports[`numbers match expected output (full range test) 766`] = `"seven hundred and sixty five"`;

exports[`numbers match expected output (full range test) 767`] = `"seven hundred and sixty six"`;

exports[`numbers match expected output (full range test) 768`] = `"seven hundred and sixty seven"`;

exports[`numbers match expected output (full range test) 769`] = `"seven hundred and sixty eight"`;

exports[`numbers match expected output (full range test) 770`] = `"seven hundred and sixty nine"`;

exports[`numbers match expected output (full range test) 771`] = `"seven hundred and seventy"`;

exports[`numbers match expected output (full range test) 772`] = `"seven hundred and seventy one"`;

exports[`numbers match expected output (full range test) 773`] = `"seven hundred and seventy two"`;

exports[`numbers match expected output (full range test) 774`] = `"seven hundred and seventy three"`;

exports[`numbers match expected output (full range test) 775`] = `"seven hundred and seventy four"`;

exports[`numbers match expected output (full range test) 776`] = `"seven hundred and seventy five"`;

exports[`numbers match expected output (full range test) 777`] = `"seven hundred and seventy six"`;

exports[`numbers match expected output (full range test) 778`] = `"seven hundred and seventy seven"`;

exports[`numbers match expected output (full range test) 779`] = `"seven hundred and seventy eight"`;

exports[`numbers match expected output (full range test) 780`] = `"seven hundred and seventy nine"`;

exports[`numbers match expected output (full range test) 781`] = `"seven hundred and eighty"`;

exports[`numbers match expected output (full range test) 782`] = `"seven hundred and eighty one"`;

exports[`numbers match expected output (full range test) 783`] = `"seven hundred and eighty two"`;

exports[`numbers match expected output (full range test) 784`] = `"seven hundred and eighty three"`;

exports[`numbers match expected output (full range test) 785`] = `"seven hundred and eighty four"`;

exports[`numbers match expected output (full range test) 786`] = `"seven hundred and eighty five"`;

exports[`numbers match expected output (full range test) 787`] = `"seven hundred and eighty six"`;

exports[`numbers match expected output (full range test) 788`] = `"seven hundred and eighty seven"`;

exports[`numbers match expected output (full range test) 789`] = `"seven hundred and eighty eight"`;

exports[`numbers match expected output (full range test) 790`] = `"seven hundred and eighty nine"`;

exports[`numbers match expected output (full range test) 791`] = `"seven hundred and ninety"`;

exports[`numbers match expected output (full range test) 792`] = `"seven hundred and ninety one"`;

exports[`numbers match expected output (full range test) 793`] = `"seven hundred and ninety two"`;

exports[`numbers match expected output (full range test) 794`] = `"seven hundred and ninety three"`;

exports[`numbers match expected output (full range test) 795`] = `"seven hundred and ninety four"`;

exports[`numbers match expected output (full range test) 796`] = `"seven hundred and ninety five"`;

exports[`numbers match expected output (full range test) 797`] = `"seven hundred and ninety six"`;

exports[`numbers match expected output (full range test) 798`] = `"seven hundred and ninety seven"`;

exports[`numbers match expected output (full range test) 799`] = `"seven hundred and ninety eight"`;

exports[`numbers match expected output (full range test) 800`] = `"seven hundred and ninety nine"`;

exports[`numbers match expected output (full range test) 801`] = `"eight hundred"`;

exports[`numbers match expected output (full range test) 802`] = `"eight hundred and one"`;

exports[`numbers match expected output (full range test) 803`] = `"eight hundred and two"`;

exports[`numbers match expected output (full range test) 804`] = `"eight hundred and three"`;

exports[`numbers match expected output (full range test) 805`] = `"eight hundred and four"`;

exports[`numbers match expected output (full range test) 806`] = `"eight hundred and five"`;

exports[`numbers match expected output (full range test) 807`] = `"eight hundred and six"`;

exports[`numbers match expected output (full range test) 808`] = `"eight hundred and seven"`;

exports[`numbers match expected output (full range test) 809`] = `"eight hundred and eight"`;

exports[`numbers match expected output (full range test) 810`] = `"eight hundred and nine"`;

exports[`numbers match expected output (full range test) 811`] = `"eight hundred and ten"`;

exports[`numbers match expected output (full range test) 812`] = `"eight hundred and eleven"`;

exports[`numbers match expected output (full range test) 813`] = `"eight hundred and twelve"`;

exports[`numbers match expected output (full range test) 814`] = `"eight hundred and thirteen"`;

exports[`numbers match expected output (full range test) 815`] = `"eight hundred and fourteen"`;

exports[`numbers match expected output (full range test) 816`] = `"eight hundred and fifteen"`;

exports[`numbers match expected output (full range test) 817`] = `"eight hundred and sixteen"`;

exports[`numbers match expected output (full range test) 818`] = `"eight hundred and seventeen"`;

exports[`numbers match expected output (full range test) 819`] = `"eight hundred and eighteen"`;

exports[`numbers match expected output (full range test) 820`] = `"eight hundred and nineteen"`;

exports[`numbers match expected output (full range test) 821`] = `"eight hundred and twenty"`;

exports[`numbers match expected output (full range test) 822`] = `"eight hundred and twenty one"`;

exports[`numbers match expected output (full range test) 823`] = `"eight hundred and twenty two"`;

exports[`numbers match expected output (full range test) 824`] = `"eight hundred and twenty three"`;

exports[`numbers match expected output (full range test) 825`] = `"eight hundred and twenty four"`;

exports[`numbers match expected output (full range test) 826`] = `"eight hundred and twenty five"`;

exports[`numbers match expected output (full range test) 827`] = `"eight hundred and twenty six"`;

exports[`numbers match expected output (full range test) 828`] = `"eight hundred and twenty seven"`;

exports[`numbers match expected output (full range test) 829`] = `"eight hundred and twenty eight"`;

exports[`numbers match expected output (full range test) 830`] = `"eight hundred and twenty nine"`;

exports[`numbers match expected output (full range test) 831`] = `"eight hundred and thirty"`;

exports[`numbers match expected output (full range test) 832`] = `"eight hundred and thirty one"`;

exports[`numbers match expected output (full range test) 833`] = `"eight hundred and thirty two"`;

exports[`numbers match expected output (full range test) 834`] = `"eight hundred and thirty three"`;

exports[`numbers match expected output (full range test) 835`] = `"eight hundred and thirty four"`;

exports[`numbers match expected output (full range test) 836`] = `"eight hundred and thirty five"`;

exports[`numbers match expected output (full range test) 837`] = `"eight hundred and thirty six"`;

exports[`numbers match expected output (full range test) 838`] = `"eight hundred and thirty seven"`;

exports[`numbers match expected output (full range test) 839`] = `"eight hundred and thirty eight"`;

exports[`numbers match expected output (full range test) 840`] = `"eight hundred and thirty nine"`;

exports[`numbers match expected output (full range test) 841`] = `"eight hundred and forty"`;

exports[`numbers match expected output (full range test) 842`] = `"eight hundred and forty one"`;

exports[`numbers match expected output (full range test) 843`] = `"eight hundred and forty two"`;

exports[`numbers match expected output (full range test) 844`] = `"eight hundred and forty three"`;

exports[`numbers match expected output (full range test) 845`] = `"eight hundred and forty four"`;

exports[`numbers match expected output (full range test) 846`] = `"eight hundred and forty five"`;

exports[`numbers match expected output (full range test) 847`] = `"eight hundred and forty six"`;

exports[`numbers match expected output (full range test) 848`] = `"eight hundred and forty seven"`;

exports[`numbers match expected output (full range test) 849`] = `"eight hundred and forty eight"`;

exports[`numbers match expected output (full range test) 850`] = `"eight hundred and forty nine"`;

exports[`numbers match expected output (full range test) 851`] = `"eight hundred and fifty"`;

exports[`numbers match expected output (full range test) 852`] = `"eight hundred and fifty one"`;

exports[`numbers match expected output (full range test) 853`] = `"eight hundred and fifty two"`;

exports[`numbers match expected output (full range test) 854`] = `"eight hundred and fifty three"`;

exports[`numbers match expected output (full range test) 855`] = `"eight hundred and fifty four"`;

exports[`numbers match expected output (full range test) 856`] = `"eight hundred and fifty five"`;

exports[`numbers match expected output (full range test) 857`] = `"eight hundred and fifty six"`;

exports[`numbers match expected output (full range test) 858`] = `"eight hundred and fifty seven"`;

exports[`numbers match expected output (full range test) 859`] = `"eight hundred and fifty eight"`;

exports[`numbers match expected output (full range test) 860`] = `"eight hundred and fifty nine"`;

exports[`numbers match expected output (full range test) 861`] = `"eight hundred and sixty"`;

exports[`numbers match expected output (full range test) 862`] = `"eight hundred and sixty one"`;

exports[`numbers match expected output (full range test) 863`] = `"eight hundred and sixty two"`;

exports[`numbers match expected output (full range test) 864`] = `"eight hundred and sixty three"`;

exports[`numbers match expected output (full range test) 865`] = `"eight hundred and sixty four"`;

exports[`numbers match expected output (full range test) 866`] = `"eight hundred and sixty five"`;

exports[`numbers match expected output (full range test) 867`] = `"eight hundred and sixty six"`;

exports[`numbers match expected output (full range test) 868`] = `"eight hundred and sixty seven"`;

exports[`numbers match expected output (full range test) 869`] = `"eight hundred and sixty eight"`;

exports[`numbers match expected output (full range test) 870`] = `"eight hundred and sixty nine"`;

exports[`numbers match expected output (full range test) 871`] = `"eight hundred and seventy"`;

exports[`numbers match expected output (full range test) 872`] = `"eight hundred and seventy one"`;

exports[`numbers match expected output (full range test) 873`] = `"eight hundred and seventy two"`;

exports[`numbers match expected output (full range test) 874`] = `"eight hundred and seventy three"`;

exports[`numbers match expected output (full range test) 875`] = `"eight hundred and seventy four"`;

exports[`numbers match expected output (full range test) 876`] = `"eight hundred and seventy five"`;

exports[`numbers match expected output (full range test) 877`] = `"eight hundred and seventy six"`;

exports[`numbers match expected output (full range test) 878`] = `"eight hundred and seventy seven"`;

exports[`numbers match expected output (full range test) 879`] = `"eight hundred and seventy eight"`;

exports[`numbers match expected output (full range test) 880`] = `"eight hundred and seventy nine"`;

exports[`numbers match expected output (full range test) 881`] = `"eight hundred and eighty"`;

exports[`numbers match expected output (full range test) 882`] = `"eight hundred and eighty one"`;

exports[`numbers match expected output (full range test) 883`] = `"eight hundred and eighty two"`;

exports[`numbers match expected output (full range test) 884`] = `"eight hundred and eighty three"`;

exports[`numbers match expected output (full range test) 885`] = `"eight hundred and eighty four"`;

exports[`numbers match expected output (full range test) 886`] = `"eight hundred and eighty five"`;

exports[`numbers match expected output (full range test) 887`] = `"eight hundred and eighty six"`;

exports[`numbers match expected output (full range test) 888`] = `"eight hundred and eighty seven"`;

exports[`numbers match expected output (full range test) 889`] = `"eight hundred and eighty eight"`;

exports[`numbers match expected output (full range test) 890`] = `"eight hundred and eighty nine"`;

exports[`numbers match expected output (full range test) 891`] = `"eight hundred and ninety"`;

exports[`numbers match expected output (full range test) 892`] = `"eight hundred and ninety one"`;

exports[`numbers match expected output (full range test) 893`] = `"eight hundred and ninety two"`;

exports[`numbers match expected output (full range test) 894`] = `"eight hundred and ninety three"`;

exports[`numbers match expected output (full range test) 895`] = `"eight hundred and ninety four"`;

exports[`numbers match expected output (full range test) 896`] = `"eight hundred and ninety five"`;

exports[`numbers match expected output (full range test) 897`] = `"eight hundred and ninety six"`;

exports[`numbers match expected output (full range test) 898`] = `"eight hundred and ninety seven"`;

exports[`numbers match expected output (full range test) 899`] = `"eight hundred and ninety eight"`;

exports[`numbers match expected output (full range test) 900`] = `"eight hundred and ninety nine"`;

exports[`numbers match expected output (full range test) 901`] = `"nine hundred"`;

exports[`numbers match expected output (full range test) 902`] = `"nine hundred and one"`;

exports[`numbers match expected output (full range test) 903`] = `"nine hundred and two"`;

exports[`numbers match expected output (full range test) 904`] = `"nine hundred and three"`;

exports[`numbers match expected output (full range test) 905`] = `"nine hundred and four"`;

exports[`numbers match expected output (full range test) 906`] = `"nine hundred and five"`;

exports[`numbers match expected output (full range test) 907`] = `"nine hundred and six"`;

exports[`numbers match expected output (full range test) 908`] = `"nine hundred and seven"`;

exports[`numbers match expected output (full range test) 909`] = `"nine hundred and eight"`;

exports[`numbers match expected output (full range test) 910`] = `"nine hundred and nine"`;

exports[`numbers match expected output (full range test) 911`] = `"nine hundred and ten"`;

exports[`numbers match expected output (full range test) 912`] = `"nine hundred and eleven"`;

exports[`numbers match expected output (full range test) 913`] = `"nine hundred and twelve"`;

exports[`numbers match expected output (full range test) 914`] = `"nine hundred and thirteen"`;

exports[`numbers match expected output (full range test) 915`] = `"nine hundred and fourteen"`;

exports[`numbers match expected output (full range test) 916`] = `"nine hundred and fifteen"`;

exports[`numbers match expected output (full range test) 917`] = `"nine hundred and sixteen"`;

exports[`numbers match expected output (full range test) 918`] = `"nine hundred and seventeen"`;

exports[`numbers match expected output (full range test) 919`] = `"nine hundred and eighteen"`;

exports[`numbers match expected output (full range test) 920`] = `"nine hundred and nineteen"`;

exports[`numbers match expected output (full range test) 921`] = `"nine hundred and twenty"`;

exports[`numbers match expected output (full range test) 922`] = `"nine hundred and twenty one"`;

exports[`numbers match expected output (full range test) 923`] = `"nine hundred and twenty two"`;

exports[`numbers match expected output (full range test) 924`] = `"nine hundred and twenty three"`;

exports[`numbers match expected output (full range test) 925`] = `"nine hundred and twenty four"`;

exports[`numbers match expected output (full range test) 926`] = `"nine hundred and twenty five"`;

exports[`numbers match expected output (full range test) 927`] = `"nine hundred and twenty six"`;

exports[`numbers match expected output (full range test) 928`] = `"nine hundred and twenty seven"`;

exports[`numbers match expected output (full range test) 929`] = `"nine hundred and twenty eight"`;

exports[`numbers match expected output (full range test) 930`] = `"nine hundred and twenty nine"`;

exports[`numbers match expected output (full range test) 931`] = `"nine hundred and thirty"`;

exports[`numbers match expected output (full range test) 932`] = `"nine hundred and thirty one"`;

exports[`numbers match expected output (full range test) 933`] = `"nine hundred and thirty two"`;

exports[`numbers match expected output (full range test) 934`] = `"nine hundred and thirty three"`;

exports[`numbers match expected output (full range test) 935`] = `"nine hundred and thirty four"`;

exports[`numbers match expected output (full range test) 936`] = `"nine hundred and thirty five"`;

exports[`numbers match expected output (full range test) 937`] = `"nine hundred and thirty six"`;

exports[`numbers match expected output (full range test) 938`] = `"nine hundred and thirty seven"`;

exports[`numbers match expected output (full range test) 939`] = `"nine hundred and thirty eight"`;

exports[`numbers match expected output (full range test) 940`] = `"nine hundred and thirty nine"`;

exports[`numbers match expected output (full range test) 941`] = `"nine hundred and forty"`;

exports[`numbers match expected output (full range test) 942`] = `"nine hundred and forty one"`;

exports[`numbers match expected output (full range test) 943`] = `"nine hundred and forty two"`;

exports[`numbers match expected output (full range test) 944`] = `"nine hundred and forty three"`;

exports[`numbers match expected output (full range test) 945`] = `"nine hundred and forty four"`;

exports[`numbers match expected output (full range test) 946`] = `"nine hundred and forty five"`;

exports[`numbers match expected output (full range test) 947`] = `"nine hundred and forty six"`;

exports[`numbers match expected output (full range test) 948`] = `"nine hundred and forty seven"`;

exports[`numbers match expected output (full range test) 949`] = `"nine hundred and forty eight"`;

exports[`numbers match expected output (full range test) 950`] = `"nine hundred and forty nine"`;

exports[`numbers match expected output (full range test) 951`] = `"nine hundred and fifty"`;

exports[`numbers match expected output (full range test) 952`] = `"nine hundred and fifty one"`;

exports[`numbers match expected output (full range test) 953`] = `"nine hundred and fifty two"`;

exports[`numbers match expected output (full range test) 954`] = `"nine hundred and fifty three"`;

exports[`numbers match expected output (full range test) 955`] = `"nine hundred and fifty four"`;

exports[`numbers match expected output (full range test) 956`] = `"nine hundred and fifty five"`;

exports[`numbers match expected output (full range test) 957`] = `"nine hundred and fifty six"`;

exports[`numbers match expected output (full range test) 958`] = `"nine hundred and fifty seven"`;

exports[`numbers match expected output (full range test) 959`] = `"nine hundred and fifty eight"`;

exports[`numbers match expected output (full range test) 960`] = `"nine hundred and fifty nine"`;

exports[`numbers match expected output (full range test) 961`] = `"nine hundred and sixty"`;

exports[`numbers match expected output (full range test) 962`] = `"nine hundred and sixty one"`;

exports[`numbers match expected output (full range test) 963`] = `"nine hundred and sixty two"`;

exports[`numbers match expected output (full range test) 964`] = `"nine hundred and sixty three"`;

exports[`numbers match expected output (full range test) 965`] = `"nine hundred and sixty four"`;

exports[`numbers match expected output (full range test) 966`] = `"nine hundred and sixty five"`;

exports[`numbers match expected output (full range test) 967`] = `"nine hundred and sixty six"`;

exports[`numbers match expected output (full range test) 968`] = `"nine hundred and sixty seven"`;

exports[`numbers match expected output (full range test) 969`] = `"nine hundred and sixty eight"`;

exports[`numbers match expected output (full range test) 970`] = `"nine hundred and sixty nine"`;

exports[`numbers match expected output (full range test) 971`] = `"nine hundred and seventy"`;

exports[`numbers match expected output (full range test) 972`] = `"nine hundred and seventy one"`;

exports[`numbers match expected output (full range test) 973`] = `"nine hundred and seventy two"`;

exports[`numbers match expected output (full range test) 974`] = `"nine hundred and seventy three"`;

exports[`numbers match expected output (full range test) 975`] = `"nine hundred and seventy four"`;

exports[`numbers match expected output (full range test) 976`] = `"nine hundred and seventy five"`;

exports[`numbers match expected output (full range test) 977`] = `"nine hundred and seventy six"`;

exports[`numbers match expected output (full range test) 978`] = `"nine hundred and seventy seven"`;

exports[`numbers match expected output (full range test) 979`] = `"nine hundred and seventy eight"`;

exports[`numbers match expected output (full range test) 980`] = `"nine hundred and seventy nine"`;

exports[`numbers match expected output (full range test) 981`] = `"nine hundred and eighty"`;

exports[`numbers match expected output (full range test) 982`] = `"nine hundred and eighty one"`;

exports[`numbers match expected output (full range test) 983`] = `"nine hundred and eighty two"`;

exports[`numbers match expected output (full range test) 984`] = `"nine hundred and eighty three"`;

exports[`numbers match expected output (full range test) 985`] = `"nine hundred and eighty four"`;

exports[`numbers match expected output (full range test) 986`] = `"nine hundred and eighty five"`;

exports[`numbers match expected output (full range test) 987`] = `"nine hundred and eighty six"`;

exports[`numbers match expected output (full range test) 988`] = `"nine hundred and eighty seven"`;

exports[`numbers match expected output (full range test) 989`] = `"nine hundred and eighty eight"`;

exports[`numbers match expected output (full range test) 990`] = `"nine hundred and eighty nine"`;

exports[`numbers match expected output (full range test) 991`] = `"nine hundred and ninety"`;

exports[`numbers match expected output (full range test) 992`] = `"nine hundred and ninety one"`;

exports[`numbers match expected output (full range test) 993`] = `"nine hundred and ninety two"`;

exports[`numbers match expected output (full range test) 994`] = `"nine hundred and ninety three"`;

exports[`numbers match expected output (full range test) 995`] = `"nine hundred and ninety four"`;

exports[`numbers match expected output (full range test) 996`] = `"nine hundred and ninety five"`;

exports[`numbers match expected output (full range test) 997`] = `"nine hundred and ninety six"`;

exports[`numbers match expected output (full range test) 998`] = `"nine hundred and ninety seven"`;

exports[`numbers match expected output (full range test) 999`] = `"nine hundred and ninety eight"`;

exports[`numbers match expected output (full range test) 1000`] = `"nine hundred and ninety nine"`;

exports[`throws TypeError when a non-string value is passed 1`] = `"_digitsToEnglishThreeDigit only accepts strings"`;

exports[`throws a RangeError when a value with more than two digits is used 1`] = `"_digitsToEnglishThreeDigit only accepts numbers with at 3 or fewer digits"`;

exports[`throws a RangeError when a value with more than two digits is used 2`] = `"_digitsToEnglishThreeDigit only accepts numbers with at 3 or fewer digits"`;
